src/components/admin/CreateAssociateForm.tsx(110,17): error TS2322: Type 'string | undefined' is not assignable to type 'string'.
  Type 'undefined' is not assignable to type 'string'.
src/components/admin/CreateAssociateForm.tsx(136,40): error TS2339: Property 'language' does not exist on type 'FormData'.
